// Jest Snapshot v1, https://goo.gl/fbAQLP

exports[`render component renders component 1`] = `
<div
  className="entry"
>
  <div
    className="sc-bdVaJa itEkXd"
  >
    LOADING
  </div>
  <span
    className="sc-bwzfXH bWUJXc"
  >
    .
  </span>
</div>
`;
