// Jest Snapshot v1, https://goo.gl/fbAQLP

exports[`render component renders component 1`] = `
<div
  className="entry"
>
  <div
    className="sc-htpNat kKAUuf"
  >
    ...
  </div>
</div>
`;
